{"level":"info","message":"TelegramProvider: initialized","service":"social-intelligence-platform","timestamp":"2026-10-07T11:28:01.667Z"}
{"level":"info","message":"InstagramHTTPClient: initialized (headless interception via Playwright)","service":"social-intelligence-platform","timestamp":"2026-10-07T11:28:01.668Z"}
{"level":"info","message":"InstagramProvider: initialized","service":"social-intelligence-platform","timestamp":"2026-10-07T11:28:01.668Z"}
{"level":"info","message":"🚀 Server running on http://0.0.0.0:8000 [development]","service":"social-intelligence-platform","timestamp":"2026-10-07T11:28:01.680Z"}
{"level":"info","message":"[TELEGRAM] Bot authentication: OK","service":"social-intelligence-platform","timestamp":"2026-10-07T11:28:02.853Z"}
{"level":"info","message":"Scheduler: job \"scrape-profiles\" scheduled [0 * * * *]","service":"social-intelligence-platform","timestamp":"2026-10-07T11:28:02.856Z"}
{"level":"info","message":"Scheduler: job \"health-heartbeat\" scheduled [*/5 * * * *]","service":"social-intelligence-platform","timestamp":"2026-10-07T11:28:02.857Z"}
{"level":"info","message":"Scheduler: 2 job(s) registered [cron=0 * * * * concurrency=2]","service":"social-intelligence-platform","timestamp":"2026-10-07T11:28:02.857Z"}
{"level":"info","message":"✅ Dynamic handlers wired. Scheduler started.","service":"social-intelligence-platform","timestamp":"2026-10-07T11:28:02.857Z"}
{"level":"info","message":"TelegramProvider: initialized","service":"social-intelligence-platform","timestamp":"2026-10-07T11:47:17.737Z"}
{"level":"info","message":"InstagramHTTPClient: initialized (headless interception via Playwright)","service":"social-intelligence-platform","timestamp":"2026-10-07T11:47:17.738Z"}
{"level":"info","message":"InstagramProvider: initialized","service":"social-intelligence-platform","timestamp":"2026-10-07T11:47:17.739Z"}
{"level":"info","message":"🚀 Server running on http://0.0.0.0:8000 [development]","service":"social-intelligence-platform","timestamp":"2026-10-07T11:47:17.753Z"}
{"level":"info","message":"[TELEGRAM] Bot authentication: OK","service":"social-intelligence-platform","timestamp":"2026-10-07T11:47:18.502Z"}
{"level":"info","message":"Scheduler: job \"scrape-profiles\" scheduled [0 * * * *]","service":"social-intelligence-platform","timestamp":"2026-10-07T11:47:18.506Z"}
{"level":"info","message":"Scheduler: job \"health-heartbeat\" scheduled [*/5 * * * *]","service":"social-intelligence-platform","timestamp":"2026-10-07T11:47:18.508Z"}
{"level":"info","message":"Scheduler: 2 job(s) registered [cron=0 * * * * concurrency=2]","service":"social-intelligence-platform","timestamp":"2026-10-07T11:47:18.508Z"}
{"level":"info","message":"✅ Dynamic handlers wired. Scheduler started.","service":"social-intelligence-platform","timestamp":"2026-10-07T11:47:18.509Z"}
{"level":"info","message":"Scheduler: job \"health-heartbeat\" started","service":"social-intelligence-platform","timestamp":"2026-10-07T11:50:00.644Z"}
{"level":"info","message":"Scheduler: job \"health-heartbeat\" completed in 0ms","service":"social-intelligence-platform","timestamp":"2026-10-07T11:50:00.645Z"}
{"level":"info","message":"SIGINT — shutting down","service":"social-intelligence-platform","timestamp":"2026-10-07T11:53:15.924Z"}
{"level":"info","message":"TelegramProvider: initialized","service":"social-intelligence-platform","timestamp":"2026-10-07T12:08:59.845Z"}
{"level":"info","message":"InstagramHTTPClient: initialized (headless interception via Playwright)","service":"social-intelligence-platform","timestamp":"2026-10-07T12:08:59.846Z"}
{"level":"info","message":"InstagramProvider: initialized","service":"social-intelligence-platform","timestamp":"2026-10-07T12:08:59.847Z"}
{"level":"info","message":"🚀 Server running on http://0.0.0.0:8000 [development]","service":"social-intelligence-platform","timestamp":"2026-10-07T12:08:59.864Z"}
{"level":"info","message":"[TELEGRAM] Bot authentication: OK","service":"social-intelligence-platform","timestamp":"2026-10-07T12:09:00.449Z"}
{"level":"info","message":"Scheduler: job \"scrape-profiles\" scheduled [0 * * * *]","service":"social-intelligence-platform","timestamp":"2026-10-07T12:09:00.453Z"}
{"level":"info","message":"Scheduler: job \"health-heartbeat\" scheduled [*/5 * * * *]","service":"social-intelligence-platform","timestamp":"2026-10-07T12:09:00.453Z"}
{"level":"info","message":"Scheduler: 2 job(s) registered [cron=0 * * * * concurrency=2]","service":"social-intelligence-platform","timestamp":"2026-10-07T12:09:00.453Z"}
{"level":"info","message":"✅ Dynamic handlers wired. Scheduler started.","service":"social-intelligence-platform","timestamp":"2026-10-07T12:09:00.454Z"}
{"error":{"code":9,"details":"The query requires an index. You can create it here: https://console.firebase.google.com/v1/r/project/social-scrapper-fb99a/firestore/indexes?create_composite=ClNwcm9qZWN0cy9zb2NpYWwtc2NyYXBwZXItZmI5OWEvZGF0YWJhc2VzLyhkZWZhdWx0KS9jb2xsZWN0aW9uR3JvdXBzL3Bvc3RzL2luZGV4ZXMvXxABGg0KCWRlbGV0ZWRBdBABGg0KCW1lZGlhVHlwZRABGg0KCWNyZWF0ZWRBdBABGgwKCF9fbmFtZV9fEAE","metadata":{"x-debug-tracking-id":["9352003057202341128;o=1"]}},"level":"error","message":"GET /dashboard","service":"social-intelligence-platform","timestamp":"2026-10-07T12:09:25.650Z"}
{"level":"info","message":"Scheduler: job \"health-heartbeat\" started","service":"social-intelligence-platform","timestamp":"2026-10-07T12:10:00.540Z"}
{"level":"info","message":"Scheduler: job \"health-heartbeat\" completed in 0ms","service":"social-intelligence-platform","timestamp":"2026-10-07T12:10:00.540Z"}
{"level":"info","message":"TelegramProvider: initialized","service":"social-intelligence-platform","timestamp":"2026-10-07T12:17:52.661Z"}
{"level":"info","message":"InstagramHTTPClient: initialized (headless interception via Playwright)","service":"social-intelligence-platform","timestamp":"2026-10-07T12:17:52.661Z"}
{"level":"info","message":"InstagramProvider: initialized","service":"social-intelligence-platform","timestamp":"2026-10-07T12:17:52.662Z"}
{"level":"info","message":"🚀 Server running on http://0.0.0.0:8000 [development]","service":"social-intelligence-platform","timestamp":"2026-10-07T12:17:52.675Z"}
{"level":"info","message":"[TELEGRAM] Bot authentication: OK","service":"social-intelligence-platform","timestamp":"2026-10-07T12:17:53.332Z"}
{"level":"info","message":"Scheduler: job \"scrape-profiles\" scheduled [0 * * * *]","service":"social-intelligence-platform","timestamp":"2026-10-07T12:17:53.335Z"}
{"level":"info","message":"Scheduler: job \"health-heartbeat\" scheduled [*/5 * * * *]","service":"social-intelligence-platform","timestamp":"2026-10-07T12:17:53.336Z"}
{"level":"info","message":"Scheduler: 2 job(s) registered [cron=0 * * * * concurrency=2]","service":"social-intelligence-platform","timestamp":"2026-10-07T12:17:53.336Z"}
{"level":"info","message":"✅ Dynamic handlers wired. Scheduler started.","service":"social-intelligence-platform","timestamp":"2026-10-07T12:17:53.337Z"}
{"error":{"code":9,"details":"The query requires an index. You can create it here: https://console.firebase.google.com/v1/r/project/social-scrapper-fb99a/firestore/indexes?create_composite=ClNwcm9qZWN0cy9zb2NpYWwtc2NyYXBwZXItZmI5OWEvZGF0YWJhc2VzLyhkZWZhdWx0KS9jb2xsZWN0aW9uR3JvdXBzL3Bvc3RzL2luZGV4ZXMvXxABGg0KCWRlbGV0ZWRBdBABGg8KC3B1Ymxpc2hlZEF0EAIaDAoIX19uYW1lX18QAg","metadata":{"x-debug-tracking-id":["12479243989143768869;o=1"]}},"level":"error","message":"GET /dashboard","service":"social-intelligence-platform","timestamp":"2026-10-07T12:18:10.154Z"}
{"level":"info","message":"TelegramProvider: initialized","service":"social-intelligence-platform","timestamp":"2026-10-07T12:25:48.702Z"}
{"level":"info","message":"InstagramHTTPClient: initialized (headless interception via Playwright)","service":"social-intelligence-platform","timestamp":"2026-10-07T12:25:48.703Z"}
{"level":"info","message":"InstagramProvider: initialized","service":"social-intelligence-platform","timestamp":"2026-10-07T12:25:48.704Z"}
{"level":"info","message":"🚀 Server running on http://0.0.0.0:8000 [development]","service":"social-intelligence-platform","timestamp":"2026-10-07T12:25:48.719Z"}
{"level":"info","message":"[TELEGRAM] Bot authentication: OK","service":"social-intelligence-platform","timestamp":"2026-10-07T12:25:49.302Z"}
{"level":"info","message":"Scheduler: job \"scrape-profiles\" scheduled [0 * * * *]","service":"social-intelligence-platform","timestamp":"2026-10-07T12:25:49.306Z"}
{"level":"info","message":"Scheduler: job \"health-heartbeat\" scheduled [*/5 * * * *]","service":"social-intelligence-platform","timestamp":"2026-10-07T12:25:49.307Z"}
{"level":"info","message":"Scheduler: 2 job(s) registered [cron=0 * * * * concurrency=2]","service":"social-intelligence-platform","timestamp":"2026-10-07T12:25:49.307Z"}
{"level":"info","message":"✅ Dynamic handlers wired. Scheduler started.","service":"social-intelligence-platform","timestamp":"2026-10-07T12:25:49.307Z"}
{"error":{"code":9,"details":"The query requires an index. That index is currently building and cannot be used yet. See its status here: https://console.firebase.google.com/v1/r/project/social-scrapper-fb99a/firestore/indexes?create_composite=Cl5wcm9qZWN0cy9zb2NpYWwtc2NyYXBwZXItZmI5OWEvZGF0YWJhc2VzLyhkZWZhdWx0KS9jb2xsZWN0aW9uR3JvdXBzL3Bvc3RzL2luZGV4ZXMvQ0lDQWdPalhoNEVKEAEaDQoJZGVsZXRlZEF0EAEaDwoLcHVibGlzaGVkQXQQAhoMCghfX25hbWVfXxAC","metadata":{"x-debug-tracking-id":["16092181532148648869;o=1"]}},"level":"error","message":"GET /dashboard","service":"social-intelligence-platform","timestamp":"2026-10-07T12:26:05.547Z"}
{"level":"info","message":"TelegramProvider: initialized","service":"social-intelligence-platform","timestamp":"2026-10-07T12:28:25.427Z"}
{"level":"info","message":"InstagramHTTPClient: initialized (headless interception via Playwright)","service":"social-intelligence-platform","timestamp":"2026-10-07T12:28:25.427Z"}
{"level":"info","message":"InstagramProvider: initialized","service":"social-intelligence-platform","timestamp":"2026-10-07T12:28:25.428Z"}
{"level":"info","message":"🚀 Server running on http://0.0.0.0:8000 [development]","service":"social-intelligence-platform","timestamp":"2026-10-07T12:28:25.437Z"}
{"level":"info","message":"[TELEGRAM] Bot authentication: OK","service":"social-intelligence-platform","timestamp":"2026-10-07T12:28:25.981Z"}
{"level":"info","message":"Scheduler: job \"scrape-profiles\" scheduled [0 * * * *]","service":"social-intelligence-platform","timestamp":"2026-10-07T12:28:25.984Z"}
{"level":"info","message":"Scheduler: job \"health-heartbeat\" scheduled [*/5 * * * *]","service":"social-intelligence-platform","timestamp":"2026-10-07T12:28:25.984Z"}
{"level":"info","message":"Scheduler: 2 job(s) registered [cron=0 * * * * concurrency=2]","service":"social-intelligence-platform","timestamp":"2026-10-07T12:28:25.985Z"}
{"level":"info","message":"✅ Dynamic handlers wired. Scheduler started.","service":"social-intelligence-platform","timestamp":"2026-10-07T12:28:25.985Z"}
{"error":{"code":9,"details":"The query requires an index. You can create it here: https://console.firebase.google.com/v1/r/project/social-scrapper-fb99a/firestore/indexes?create_composite=ClNwcm9qZWN0cy9zb2NpYWwtc2NyYXBwZXItZmI5OWEvZGF0YWJhc2VzLyhkZWZhdWx0KS9jb2xsZWN0aW9uR3JvdXBzL3Bvc3RzL2luZGV4ZXMvXxABGg0KCWRlbGV0ZWRBdBABGg0KCWNyZWF0ZWRBdBABGgwKCF9fbmFtZV9fEAE","metadata":{"x-debug-tracking-id":["4154729498582449441;o=1"]}},"level":"error","message":"GET /dashboard","service":"social-intelligence-platform","timestamp":"2026-10-07T12:28:50.823Z"}
{"level":"info","message":"Scheduler: job \"scrape-profiles\" started","service":"social-intelligence-platform","timestamp":"2026-10-07T12:30:00.741Z"}
{"level":"info","message":"Scheduler: job \"health-heartbeat\" started","service":"social-intelligence-platform","timestamp":"2026-10-07T12:30:00.742Z"}
{"level":"info","message":"Scheduler: job \"health-heartbeat\" completed in 0ms","service":"social-intelligence-platform","timestamp":"2026-10-07T12:30:00.742Z"}
{"error":{"code":9,"details":"The query requires an index. You can create it here: https://console.firebase.google.com/v1/r/project/social-scrapper-fb99a/firestore/indexes?create_composite=ClZwcm9qZWN0cy9zb2NpYWwtc2NyYXBwZXItZmI5OWEvZGF0YWJhc2VzLyhkZWZhdWx0KS9jb2xsZWN0aW9uR3JvdXBzL3Byb2ZpbGVzL2luZGV4ZXMvXxABGgwKCGlzQWN0aXZlEAEaDAoIdXNlcm5hbWUQARoMCghfX25hbWVfXxAB","metadata":{"x-debug-tracking-id":["8162978204972096889;o=1"]}},"level":"error","message":"Scheduler: job \"scrape-profiles\" failed after 572ms","service":"social-intelligence-platform","timestamp":"2026-10-07T12:30:01.313Z"}
{"level":"info","message":"Scheduler: job \"health-heartbeat\" started","service":"social-intelligence-platform","timestamp":"2026-10-07T12:35:00.867Z"}
{"level":"info","message":"Scheduler: job \"health-heartbeat\" completed in 0ms","service":"social-intelligence-platform","timestamp":"2026-10-07T12:35:00.867Z"}
{"level":"info","message":"SIGINT — shutting down","service":"social-intelligence-platform","timestamp":"2026-10-07T12:36:50.996Z"}
{"level":"info","message":"TelegramProvider: initialized","service":"social-intelligence-platform","timestamp":"2026-10-07T12:36:59.020Z"}
{"level":"info","message":"InstagramHTTPClient: initialized (headless interception via Playwright)","service":"social-intelligence-platform","timestamp":"2026-10-07T12:36:59.022Z"}
{"level":"info","message":"InstagramProvider: initialized","service":"social-intelligence-platform","timestamp":"2026-10-07T12:36:59.022Z"}
{"level":"info","message":"🚀 Server running on http://0.0.0.0:8000 [development]","service":"social-intelligence-platform","timestamp":"2026-10-07T12:36:59.038Z"}
{"level":"info","message":"[TELEGRAM] Bot authentication: OK","service":"social-intelligence-platform","timestamp":"2026-10-07T12:36:59.749Z"}
{"level":"info","message":"Scheduler: job \"scrape-profiles\" scheduled [0 * * * *]","service":"social-intelligence-platform","timestamp":"2026-10-07T12:36:59.753Z"}
{"level":"info","message":"Scheduler: job \"health-heartbeat\" scheduled [*/5 * * * *]","service":"social-intelligence-platform","timestamp":"2026-10-07T12:36:59.755Z"}
{"level":"info","message":"Scheduler: 2 job(s) registered [cron=0 * * * * concurrency=2]","service":"social-intelligence-platform","timestamp":"2026-10-07T12:36:59.755Z"}
{"level":"info","message":"✅ Dynamic handlers wired. Scheduler started.","service":"social-intelligence-platform","timestamp":"2026-10-07T12:36:59.756Z"}
{"error":{"code":9,"details":"The query requires an index. You can create it here: https://console.firebase.google.com/v1/r/project/social-scrapper-fb99a/firestore/indexes?create_composite=ClNwcm9qZWN0cy9zb2NpYWwtc2NyYXBwZXItZmI5OWEvZGF0YWJhc2VzLyhkZWZhdWx0KS9jb2xsZWN0aW9uR3JvdXBzL3Bvc3RzL2luZGV4ZXMvXxABGg0KCWRlbGV0ZWRBdBABGg0KCWNyZWF0ZWRBdBABGgwKCF9fbmFtZV9fEAE","metadata":{"x-debug-tracking-id":["12583930564545010459;o=1"]}},"level":"error","message":"GET /dashboard","service":"social-intelligence-platform","timestamp":"2026-10-07T12:37:14.751Z"}
{"level":"info","message":"Scheduler: job \"health-heartbeat\" started","service":"social-intelligence-platform","timestamp":"2026-10-07T12:40:00.978Z"}
{"level":"info","message":"Scheduler: job \"health-heartbeat\" completed in 0ms","service":"social-intelligence-platform","timestamp":"2026-10-07T12:40:00.979Z"}
{"level":"info","message":"SIGINT — shutting down","service":"social-intelligence-platform","timestamp":"2026-10-07T12:46:22.530Z"}
{"level":"info","message":"TelegramProvider: initialized","service":"social-intelligence-platform","timestamp":"2026-10-07T12:46:28.627Z"}
{"level":"info","message":"InstagramHTTPClient: initialized (headless interception via Playwright)","service":"social-intelligence-platform","timestamp":"2026-10-07T12:46:28.628Z"}
{"level":"info","message":"InstagramProvider: initialized","service":"social-intelligence-platform","timestamp":"2026-10-07T12:46:28.629Z"}
{"level":"info","message":"🚀 Server running on http://0.0.0.0:8000 [development]","service":"social-intelligence-platform","timestamp":"2026-10-07T12:46:28.646Z"}
{"level":"info","message":"[TELEGRAM] Bot authentication: OK","service":"social-intelligence-platform","timestamp":"2026-10-07T12:46:29.239Z"}
{"level":"info","message":"Scheduler: job \"scrape-profiles\" scheduled [0 * * * *]","service":"social-intelligence-platform","timestamp":"2026-10-07T12:46:29.245Z"}
{"level":"info","message":"Scheduler: job \"health-heartbeat\" scheduled [*/5 * * * *]","service":"social-intelligence-platform","timestamp":"2026-10-07T12:46:29.246Z"}
{"level":"info","message":"Scheduler: 2 job(s) registered [cron=0 * * * * concurrency=2]","service":"social-intelligence-platform","timestamp":"2026-10-07T12:46:29.247Z"}
{"level":"info","message":"✅ Dynamic handlers wired. Scheduler started.","service":"social-intelligence-platform","timestamp":"2026-10-07T12:46:29.247Z"}
{"level":"info","message":"Scheduler: job \"health-heartbeat\" started","service":"social-intelligence-platform","timestamp":"2026-10-07T12:50:00.703Z"}
{"level":"info","message":"Scheduler: job \"health-heartbeat\" completed in 1ms","service":"social-intelligence-platform","timestamp":"2026-10-07T12:50:00.704Z"}
{"level":"info","message":"TelegramProvider: initialized","service":"social-intelligence-platform","timestamp":"2026-10-07T14:24:40.384Z"}
{"level":"info","message":"InstagramHTTPClient: initialized (headless interception via Playwright)","service":"social-intelligence-platform","timestamp":"2026-10-07T14:24:40.385Z"}
{"level":"info","message":"InstagramProvider: initialized","service":"social-intelligence-platform","timestamp":"2026-10-07T14:24:40.386Z"}
{"level":"info","message":"🚀 Server running on http://0.0.0.0:8000 [development]","service":"social-intelligence-platform","timestamp":"2026-10-07T14:24:40.407Z"}
{"level":"info","message":"[TELEGRAM] Bot authentication: OK","service":"social-intelligence-platform","timestamp":"2026-10-07T14:24:41.152Z"}
{"level":"info","message":"Scheduler: job \"scrape-profiles\" scheduled [0 * * * *]","service":"social-intelligence-platform","timestamp":"2026-10-07T14:24:41.158Z"}
{"level":"info","message":"Scheduler: job \"health-heartbeat\" scheduled [*/5 * * * *]","service":"social-intelligence-platform","timestamp":"2026-10-07T14:24:41.160Z"}
{"level":"info","message":"Scheduler: 2 job(s) registered [cron=0 * * * * concurrency=2]","service":"social-intelligence-platform","timestamp":"2026-10-07T14:24:41.161Z"}
{"level":"info","message":"✅ Dynamic handlers wired. Scheduler started.","service":"social-intelligence-platform","timestamp":"2026-10-07T14:24:41.162Z"}
{"level":"info","message":"Scheduler: job \"health-heartbeat\" started","service":"social-intelligence-platform","timestamp":"2026-10-07T14:25:00.283Z"}
{"level":"info","message":"Scheduler: job \"health-heartbeat\" completed in 0ms","service":"social-intelligence-platform","timestamp":"2026-10-07T14:25:00.283Z"}
{"level":"info","message":"Scheduler: job \"health-heartbeat\" started","service":"social-intelligence-platform","timestamp":"2026-10-07T15:40:00.210Z"}
{"level":"info","message":"Scheduler: job \"health-heartbeat\" completed in 0ms","service":"social-intelligence-platform","timestamp":"2026-10-07T15:40:00.211Z"}
{"level":"info","message":"Scheduler: job \"health-heartbeat\" started","service":"social-intelligence-platform","timestamp":"2026-10-07T15:45:00.116Z"}
{"level":"info","message":"Scheduler: job \"health-heartbeat\" completed in 0ms","service":"social-intelligence-platform","timestamp":"2026-10-07T15:45:00.116Z"}
{"level":"info","message":"Scheduler: job \"health-heartbeat\" started","service":"social-intelligence-platform","timestamp":"2026-10-07T15:50:00.876Z"}
{"level":"info","message":"Scheduler: job \"health-heartbeat\" completed in 0ms","service":"social-intelligence-platform","timestamp":"2026-10-07T15:50:00.877Z"}
{"level":"info","message":"Scheduler: job \"health-heartbeat\" started","service":"social-intelligence-platform","timestamp":"2026-10-07T15:55:00.781Z"}
{"level":"info","message":"Scheduler: job \"health-heartbeat\" completed in 0ms","service":"social-intelligence-platform","timestamp":"2026-10-07T15:55:00.781Z"}
{"level":"info","message":"🚀 Server running on http://0.0.0.0:8000 [development]","service":"social-intelligence-platform","timestamp":"2026-10-07T15:55:18.894Z"}
{"level":"info","message":"TelegramProvider: initialized","service":"social-intelligence-platform","timestamp":"2026-10-07T15:55:21.382Z"}
{"level":"info","message":"InstagramHTTPClient: initialized (headless interception via Playwright)","service":"social-intelligence-platform","timestamp":"2026-10-07T15:55:21.382Z"}
{"level":"info","message":"InstagramProvider: initialized","service":"social-intelligence-platform","timestamp":"2026-10-07T15:55:21.382Z"}
{"level":"info","message":"[TELEGRAM] Bot authentication: OK","service":"social-intelligence-platform","timestamp":"2026-10-07T15:55:22.097Z"}
{"level":"info","message":"Scheduler: job \"scrape-profiles\" scheduled [0 * * * *]","service":"social-intelligence-platform","timestamp":"2026-10-07T15:55:22.099Z"}
{"level":"info","message":"Scheduler: job \"health-heartbeat\" scheduled [*/5 * * * *]","service":"social-intelligence-platform","timestamp":"2026-10-07T15:55:22.100Z"}
{"level":"info","message":"Scheduler: 2 job(s) registered [cron=0 * * * * concurrency=2]","service":"social-intelligence-platform","timestamp":"2026-10-07T15:55:22.100Z"}
{"level":"info","message":"✅ Dynamic handlers wired. Scheduler started.","service":"social-intelligence-platform","timestamp":"2026-10-07T15:55:22.100Z"}
